// Jest Snapshot v1, https://goo.gl/fbAQLP

exports[`<ComponentsView> default render 1`] = `
Array [
  <div
    className="mb-3"
  >
    <div
      data-mock="FontAwesomeIcon"
    >
      {
  "icon": {
    "prefix": "fas",
    "iconName": "plug",
    "icon": [
      384,
      512,
      [],
      "f1e6",
      "M320,32a32,32,0,0,0-64,0v96h64Zm48,128H16A16,16,0,0,0,0,176v32a16,16,0,0,0,16,16H32v32A160.07,160.07,0,0,0,160,412.8V512h64V412.8A160.07,160.07,0,0,0,352,256V224h16a16,16,0,0,0,16-16V176A16,16,0,0,0,368,160ZM128,32a32,32,0,0,0-64,0v96h64Z"
    ]
  }
}
    </div>
      Components View
  </div>,
  <div
    className="mb-3"
  >
    <h3
      className="mt-3"
    >
      Buttons
    </h3>
    <div
      className="row"
    >
      <div
        className="col"
      >
        <div
          data-mock="Button"
        >
          {
  "appearance": "light"
}
          Light
        </div>
         
        <div
          data-mock="Button"
        >
          {
  "appearance": "danger"
}
          Danger
        </div>
         
      </div>
      <div
        className="col"
      >
        <div
          data-mock="Button"
        >
          {
  "size": "sm"
}
          Primary small
        </div>
         
        <div
          data-mock="Button"
        >
          {}
          Primary standard
        </div>
         
        <div
          data-mock="Button"
        >
          {
  "size": "lg"
}
          Primary large
        </div>
         
      </div>
    </div>
    <h3
      className="mt-3"
    >
      Select
    </h3>
    <div
      className="row"
    >
      <div
        className="col"
      >
        <div
          className="mb-3"
        >
          Simple select (not controlled)
          <br />
          <div
            data-mock="Select"
          >
            {
  "list": [
    {
      "name": "1",
      "value": "1"
    },
    {
      "name": "2",
      "value": "2"
    }
  ]
}
          </div>
        </div>
        Simple select, with disabled item (not controlled)
        <br />
        <div
          data-mock="Select"
        >
          {
  "list": [
    {
      "name": "1",
      "value": "1"
    },
    {
      "name": "2",
      "value": "2",
      "disabled": true
    },
    {
      "name": "3",
      "value": "3"
    }
  ]
}
        </div>
      </div>
      <div
        className="col"
      >
        <div
          className="mb-3"
        >
          With placeholder (not controlled)
          <br />
          <div
            data-mock="Select"
          >
            {
  "list": [
    {
      "name": "1",
      "value": "1"
    },
    {
      "name": "2",
      "value": "2"
    }
  ],
  "placeholder": "Select..."
}
          </div>
        </div>
        With placeholder (controlled)
        <br />
        <div
          data-mock="Select"
        >
          {
  "list": [
    {
      "name": "1",
      "value": "1"
    },
    {
      "name": "2",
      "value": "2"
    }
  ],
  "placeholder": "Select..."
}
        </div>
      </div>
    </div>
  </div>,
]
`;
