// Jest Snapshot v1, https://goo.gl/fbAQLP

exports[`<MainMenu> Render 1`] = `
<div
  data-mock="Navbar"
>
  {
  "className": "mb-3"
}
  <div
    data-mock="NavbarLink"
  >
    {
  "to": "/"
}
    Main
  </div>
  <div
    data-mock="NavbarLink"
  >
    {
  "to": "/json"
}
    JSON test
  </div>
  <div
    data-mock="NavbarLink"
  >
    {
  "to": "/campaigns"
}
    Campaigns
  </div>
  <div
    data-mock="NavbarLink"
  >
    {
  "to": "/components"
}
    Components
  </div>
</div>
`;
