// Jest Snapshot v1, https://goo.gl/fbAQLP

exports[`<MainMenu> Render 1`] = `
<ul
  className="mt-3"
>
  <li>
    <div
      data-mock="Link"
    >
      {
  "to": "/"
}
      Main
    </div>
  </li>
  <li>
    <div
      data-mock="Link"
    >
      {
  "to": "/json"
}
      JSON test
    </div>
  </li>
  <li>
    <div
      data-mock="Link"
    >
      {
  "to": "/campaigns"
}
      Campaigns
    </div>
  </li>
  <li>
    <div
      data-mock="Link"
    >
      {
  "to": "/components"
}
      Components
    </div>
  </li>
</ul>
`;
