// Jest Snapshot v1, https://goo.gl/fbAQLP

exports[`<JsonTest> Empty render 1`] = `
Array [
  <p>
    JSON import example:
  </p>,
  <pre
    className="sc-AxjAm bCeuRk"
  >
    {
  "glossary": {
    "title": "example glossary",
    "GlossEntry": {
      "ID": "SGML",
      "SortAs": "SGML",
      "GlossTerm": "Standard Generalized Markup Language"
    }
  }
}
  </pre>,
]
`;
